Microchip MPLAB XC8 Compiler V1.34 ()

Linker command line:

--edf=C:\Program Files (x86)\Microchip\xc8\v1.34\dat\en_msgs.txt -cs \
  -h+dist/default/production\PICLibraries.X.production.sym \
  --cmf=dist/default/production\PICLibraries.X.production.cmf -z -Q18F13K22 \
  -oC:\Users\Manuel\AppData\Local\Temp\s1oc.6 \
  -Mdist/default/production/PICLibraries.X.production.map -E1 -ver=XC8 \
  -ASTACK=060h-0ffh -pstack=STACK -ACODE=00h-01FFFh -ACONST=00h-01FFFh \
  -ASMALLCONST=0100h-01FFhx31 -AMEDIUMCONST=0100h-01FFFh -ACOMRAM=01h-05Fh \
  -AABS1=00h-0FFh -ABIGRAM=01h-0FFh -ARAM=060h-0FFh -ABANK0=060h-0FFh \
  -ASFR=0F60h-0FFFh \
  -preset_vec=00h,intcode=08h,intcodelo,powerup,init,end_init \
  -pramtop=0100h -psmallconst=SMALLCONST -pmediumconst=MEDIUMCONST \
  -pconst=CONST -AFARRAM=00h-00h -ACONFIG=0300000h-030000Dh -pconfig=CONFIG \
  -AIDLOC=0200000h-0200007h -pidloc=IDLOC -AEEDATA=0F00000h-0F000FFh \
  -peeprom_data=EEDATA \
  -prdata=COMRAM,nvrram=COMRAM,nvbit=COMRAM,rbss=COMRAM,rbit=COMRAM \
  -pfarbss=FARRAM,fardata=FARRAM,nvFARRAM=FARRAM \
  -pintsave_regs=BIGRAM,bigbss=BIGRAM,bigdata=BIGRAM -pbss=RAM \
  -pidata=CODE,irdata=CODE,ibigdata=CODE,ifardata=CODE -prparam=COMRAM \
  C:\Users\Manuel\AppData\Local\Temp\s1oc.obj \
  dist/default/production\PICLibraries.X.production.obj 

Object code version is 3.11

Machine type is 18F13K22

Call graph: (short form)




                Name                               Link     Load   Length Selector   Space Scale
C:\Users\Manuel\AppData\Local\Temp\s1oc.obj
                end_init                             96       96        4        4       0
                reset_vec                             0        0        4        0       0
                idloc                            200000   200000        8   200000       0
                config                           300000   300000        E   300000       0
dist/default/production\PICLibraries.X.production.obj
                intcode                               8        8       8E        4       0
                text9                               2BA      2BA       2E        4       0
                text8                               330      330        E        4       0
                text6                               2E8      2E8       28        4       0
                text5                               33E      33E        C        4       0
                text4                                9A       9A       CE        4       0
                text3                               322      322        E        4       0
                text2                               168      168       AE        4       0
                text1                               274      274       46        4       0
                cstackCOMRAM                          1        1       28        1       1
                bssCOMRAM                            29       29       11        1       1
                cinit                               310      310       12        4       0
                text0                               216      216       5E        4       0

TOTAL           Name                               Link     Load   Length     Space
        CLASS   STACK          

        CLASS   CODE           
                end_init                             96       96        4         0
                intcode                               8        8       8E         0
                reset_vec                             0        0        4         0
                text9                               2BA      2BA       2E         0
                text8                               330      330        E         0
                text6                               2E8      2E8       28         0
                text5                               33E      33E        C         0
                text4                                9A       9A       CE         0
                text3                               322      322        E         0
                text2                               168      168       AE         0
                text1                               274      274       46         0
                cinit                               310      310       12         0
                text0                               216      216       5E         0

        CLASS   CONST          

        CLASS   SMALLCONST     

        CLASS   MEDIUMCONST    

        CLASS   COMRAM         
                cstackCOMRAM                          1        1       28         1
                bssCOMRAM                            29       29       11         1

        CLASS   ABS1           

        CLASS   BIGRAM         

        CLASS   RAM            

        CLASS   BANK0          

        CLASS   SFR            

        CLASS   FARRAM         

        CLASS   CONFIG         
                config                           300000   300000        E         0

        CLASS   IDLOC          
                idloc                            200000   200000        8         0

        CLASS   EEDATA         



SEGMENTS        Name                           Load    Length   Top    Selector   Space  Class

                reset_vec                      000000  000004  000004         0       0  CODE    
                cstackCOMRAM                   000001  000039  00003A         1       1  COMRAM  
                intcode                        000008  000342  00034A         4       0  CODE    
                idloc                          200000  000008  200008    200000       0  IDLOC   
                config                         300000  00000E  30000E    300000       0  CONFIG  


UNUSED ADDRESS RANGES

        Name                Unused          Largest block    Delta
        BANK0            000060-0000FF               A0
        BIGRAM           00003A-0000FF               C6
        CODE             000004-000007                4
                         00034A-001FFF             1CB6
        COMRAM           00003A-00005F               26
        CONST            000004-000007                4
                         00034A-001FFF             1CB6
        EEDATA           F00000-F000FF              100
        MEDIUMCONST      00034A-001FFF             1CB6
        RAM              000060-0000FF               A0
        SFR              000F60-000FFF               A0
        SMALLCONST       00034A-001FFF              100
        STACK            000060-0000FF               A0

                                  Symbol Table

?___wmul                           cstackCOMRAM 000013
_ANSELHbits                        (abs)        000F7F
_BAUDCON                           (abs)        000FB8
_INTCON                            (abs)        000FF2
_RCIE                              (abs)        007CED
_RCIF                              (abs)        007CF5
_RCREG                             (abs)        000FAE
_RCSTA                             (abs)        000FAB
_RCSTAbits                         (abs)        000FAB
_SPBRG                             (abs)        000FAF
_SPBRGH                            (abs)        000FB0
_SSPBUF                            (abs)        000FC9
_SSPCON1                           (abs)        000FC6
_SSPCON1bits                       (abs)        000FC6
_SSPIF                             (abs)        007CF3
_SSPSTAT                           (abs)        000FC7
_SSPSTATbits                       (abs)        000FC7
_TRISBbits                         (abs)        000F93
_TRISCbits                         (abs)        000F94
_TXIE                              (abs)        007CEC
_TXIF                              (abs)        007CF4
_TXREG                             (abs)        000FAD
_TXSTA                             (abs)        000FAC
__CFG_BBSIZ$OFF                    (abs)        000000
__CFG_BOREN$SBORDIS                (abs)        000000
__CFG_BORV$19                      (abs)        000000
__CFG_CP0$OFF                      (abs)        000000
__CFG_CP1$OFF                      (abs)        000000
__CFG_CPB$OFF                      (abs)        000000
__CFG_CPD$OFF                      (abs)        000000
__CFG_EBTR0$OFF                    (abs)        000000
__CFG_EBTR1$OFF                    (abs)        000000
__CFG_EBTRB$OFF                    (abs)        000000
__CFG_FCMEN$OFF                    (abs)        000000
__CFG_FOSC$HS                      (abs)        000000
__CFG_HFOFST$ON                    (abs)        000000
__CFG_IESO$OFF                     (abs)        000000
__CFG_LVP$OFF                      (abs)        000000
__CFG_MCLRE$ON                     (abs)        000000
__CFG_PCLKEN$ON                    (abs)        000000
__CFG_PLLEN$OFF                    (abs)        000000
__CFG_PWRTEN$OFF                   (abs)        000000
__CFG_STVREN$ON                    (abs)        000000
__CFG_WDTEN$OFF                    (abs)        000000
__CFG_WDTPS$32768                  (abs)        000000
__CFG_WRT0$OFF                     (abs)        000000
__CFG_WRT1$OFF                     (abs)        000000
__CFG_WRTB$OFF                     (abs)        000000
__CFG_WRTC$OFF                     (abs)        000000
__CFG_WRTD$OFF                     (abs)        000000
__CFG_XINST$OFF                    (abs)        000000
__HRAM                             (abs)        000000
__Habs1                            abs1         000000
__Hbank0                           bank0        000000
__Hbigbss                          bigbss       000000
__Hbigdata                         bigdata      000000
__Hbigram                          bigram       000000
__Hbss                             bss          000000
__HbssCOMRAM                       bssCOMRAM    000000
__Hcinit                           cinit        000000
__Hclrtext                         clrtext      000000
__Hcomram                          comram       000000
__Hconfig                          config       30000E
__Hconst                           const        000000
__HcstackCOMRAM                    cstackCOMRAM 000000
__Hdata                            data         000000
__Heeprom_data                     eeprom_data  000000
__Hend_init                        end_init     00009A
__Hfarbss                          farbss       000000
__Hfardata                         fardata      000000
__Hibigdata                        ibigdata     000000
__Hidata                           idata        000000
__Hidloc                           idloc        200008
__Hifardata                        ifardata     000000
__Hinit                            init         000096
__Hintcode                         intcode      000096
__Hintcode_body                    intcode_body 000000
__Hintcodelo                       intcodelo    000096
__Hintentry                        intentry     000000
__Hintret                          intret       000000
__Hintsave_regs                    intsave_regs 000000
__Hirdata                          irdata       000000
__Hmediumconst                     mediumconst  000000
__HnvFARRAM                        nvFARRAM     000000
__Hnvbit                           nvbit        000000
__Hnvrram                          nvrram       000000
__Hparam                           rparam       000000
__Hpowerup                         powerup      000096
__Hram                             ram          000000
__Hramtop                          ramtop       000100
__Hrbit                            rbit         000000
__Hrbss                            rbss         000000
__Hrdata                           rdata        000000
__Hreset_vec                       reset_vec    000004
__Hrparam                          rparam       000000
__Hsfr                             sfr          000000
__Hsmallconst                      smallconst   000000
__Hspace_0                         (abs)        30000E
__Hspace_1                         (abs)        00003A
__Hspace_2                         (abs)        000000
__Hstack                           stack        000000
__Hstruct                          struct       000000
__Htemp                            temp         000000
__Htext                            text         000000
__Htext0                           text0        000000
__Htext1                           text1        000000
__Htext2                           text2        000000
__Htext3                           text3        000000
__Htext4                           text4        000000
__Htext5                           text5        000000
__Htext6                           text6        000000
__Htext8                           text8        000000
__Htext9                           text9        000000
__LRAM                             (abs)        000001
__Labs1                            abs1         000000
__Lbank0                           bank0        000000
__Lbigbss                          bigbss       000000
__Lbigdata                         bigdata      000000
__Lbigram                          bigram       000000
__Lbss                             bss          000000
__LbssCOMRAM                       bssCOMRAM    000000
__Lcinit                           cinit        000000
__Lclrtext                         clrtext      000000
__Lcomram                          comram       000000
__Lconfig                          config       300000
__Lconst                           const        000000
__LcstackCOMRAM                    cstackCOMRAM 000000
__Ldata                            data         000000
__Leeprom_data                     eeprom_data  000000
__Lend_init                        end_init     000096
__Lfarbss                          farbss       000000
__Lfardata                         fardata      000000
__Libigdata                        ibigdata     000000
__Lidata                           idata        000000
__Lidloc                           idloc        200000
__Lifardata                        ifardata     000000
__Linit                            init         000096
__Lintcode                         intcode      000008
__Lintcode_body                    intcode_body 000000
__Lintcodelo                       intcodelo    000096
__Lintentry                        intentry     000000
__Lintret                          intret       000000
__Lintsave_regs                    intsave_regs 000000
__Lirdata                          irdata       000000
__Lmediumconst                     mediumconst  000000
__LnvFARRAM                        nvFARRAM     000000
__Lnvbit                           nvbit        000000
__Lnvrram                          nvrram       000000
__Lparam                           rparam       000000
__Lpowerup                         powerup      000096
__Lram                             ram          000000
__Lramtop                          ramtop       000100
__Lrbit                            rbit         000000
__Lrbss                            rbss         000000
__Lrdata                           rdata        000000
__Lreset_vec                       reset_vec    000000
__Lrparam                          rparam       000000
__Lsfr                             sfr          000000
__Lsmallconst                      smallconst   000000
__Lspace_0                         (abs)        000000
__Lspace_1                         (abs)        000000
__Lspace_2                         (abs)        000000
__Lstack                           stack        000000
__Lstruct                          struct       000000
__Ltemp                            temp         000000
__Ltext                            text         000000
__Ltext0                           text0        000000
__Ltext1                           text1        000000
__Ltext2                           text2        000000
__Ltext3                           text3        000000
__Ltext4                           text4        000000
__Ltext5                           text5        000000
__Ltext6                           text6        000000
__Ltext8                           text8        000000
__Ltext9                           text9        000000
__S0                               (abs)        30000E
__S1                               (abs)        00003A
__S2                               (abs)        000000
___inthi_sp                        stack        000000
___intlo_sp                        stack        000000
___param_bank                      (abs)        000010
___rparam_used                     (abs)        000001
___sp                              stack        000000
___wmul                            text6        0002E8
___wmul@multiplicand               cstackCOMRAM 000015
___wmul@multiplier                 cstackCOMRAM 000013
___wmul@product                    cstackCOMRAM 000017
__accesstop                        (abs)        000060
__activetblptr                     (abs)        000000
__end_of___wmul                    text6        000310
__end_of__initialization           cinit        00031C
__end_of_isr                       intcode      000096
__end_of_main                      text0        000274
__end_of_serial_get_byte           text5        00034A
__end_of_serial_get_data           text4        000168
__end_of_serial_peek_receive       text9        0002E8
__end_of_serial_send_byte          text3        000330
__end_of_serial_send_data          text2        000216
__end_of_setup_simple_serial       text1        0002BA
__end_ofi2_serial_send_byte        text8        00033E
__initialization                   cinit        000310
__mediumconst                      mediumconst  000000
__pbssCOMRAM                       bssCOMRAM    000029
__pcinit                           cinit        000310
__pcstackCOMRAM                    cstackCOMRAM 000001
__pintcode                         intcode      000008
__ptext0                           text0        000216
__ptext1                           text1        000274
__ptext2                           text2        000168
__ptext3                           text3        000322
__ptext4                           text4        00009A
__ptext5                           text5        00033E
__ptext6                           text6        0002E8
__ptext8                           text8        000330
__ptext9                           text9        0002BA
__ramtop                           ramtop       000100
__size_of___wmul                   (abs)        000000
__size_of_isr                      (abs)        000000
__size_of_main                     (abs)        000000
__size_of_serial_get_byte          (abs)        000000
__size_of_serial_get_data          (abs)        000000
__size_of_serial_peek_receive      (abs)        000000
__size_of_serial_send_byte         (abs)        000000
__size_of_serial_send_data         (abs)        000000
__size_of_setup_simple_serial      (abs)        000000
__size_ofi2_serial_send_byte       (abs)        000000
__smallconst                       smallconst   000000
_dummy_byte                        bssCOMRAM    000039
_interrupt_data                    bssCOMRAM    000033
_isr                               intcode      000008
_main                              text0        000216
_serial_get_byte                   text5        00033E
_serial_get_data                   text4        00009A
_serial_peek_receive               text9        0002BA
_serial_send_byte                  text3        000322
_serial_send_data                  text2        000168
_setup_simple_serial               text1        000274
_setup_simple_serial$187           cstackCOMRAM 000015
_setup_simple_serial$188           cstackCOMRAM 000017
end_of_initialization              cinit        00031C
i2_serial_send_byte                text8        000330
i2serial_send_byte@byte            cstackCOMRAM 000001
intlevel0                          text         000000
intlevel1                          text         000000
intlevel2                          text         000000
intlevel3                          text         000000
isr@byte                           cstackCOMRAM 000012
main@F3920                         bssCOMRAM    000029
main@data                          cstackCOMRAM 00001F
serial_get_data@data               cstackCOMRAM 000019
serial_get_data@i                  cstackCOMRAM 00001D
serial_get_data@size               cstackCOMRAM 00001B
serial_peek_receive@byte           cstackCOMRAM 000001
serial_peek_receive@get_byte       cstackCOMRAM 000003
serial_send_byte@byte              cstackCOMRAM 000013
serial_send_data@data              cstackCOMRAM 000019
serial_send_data@i                 cstackCOMRAM 00001D
serial_send_data@size              cstackCOMRAM 00001B
setup_simple_serial@baudrate_bits  cstackCOMRAM 000019
setup_simple_serial@baudrate_value cstackCOMRAM 000013
stackhi                            (abs)        0000FF
stacklo                            (abs)        000060
start                              init         000096
start_initialization               cinit        000310


FUNCTION INFORMATION:

 *************** function _main *****************
 Defined at:
		line 66 in file "main.c"
 Parameters:    Size  Location     Type
		None
 Auto vars:     Size  Location     Type
  data           10   30[COMRAM] unsigned char [10]
 Return value:  Size  Location     Type
                  2   23[None  ] int 
 Registers used:
		wreg, fsr1l, fsr1h, fsr2l, fsr2h, status,2, status,0, prodl, prodh, cstack
 Tracked objects:
		On entry : 
		On exit  : 
		Unchanged: 
 Data sizes:     COMRAM   BANK0
      Params:         0       0
      Locals:        10       0
      Temps:          1       0
      Totals:        11       0
Total ram usage:       11 bytes
 Hardware stack levels required when called:    4
 This function calls:
		_serial_get_data
		_serial_send_byte
		_serial_send_data
		_setup_simple_serial
 This function is called by:
		Startup code after reset
 This function uses a non-reentrant model


 *************** function _setup_simple_serial *****************
 Defined at:
		line 28 in file "serial_pic.c"
 Parameters:    Size  Location     Type
  baudrate_bit    1    wreg     unsigned char 
  baudrate_val    2   18[COMRAM] unsigned int 
 Auto vars:     Size  Location     Type
  baudrate_bit    1   24[COMRAM] unsigned char 
 Return value:  Size  Location     Type
		None               void
 Registers used:
		wreg, status,2
 Tracked objects:
		On entry : 
		On exit  : 
		Unchanged: 
 Data sizes:     COMRAM   BANK0
      Params:         2       0
      Locals:         5       0
      Temps:          0       0
      Totals:         7       0
Total ram usage:        7 bytes
 Hardware stack levels used:    1
 Hardware stack levels required when called:    2
 This function calls:
		Nothing
 This function is called by:
		_main
 This function uses a non-reentrant model


 *************** function _serial_send_data *****************
 Defined at:
		line 82 in file "serial_pic.c"
 Parameters:    Size  Location     Type
  data            2   24[COMRAM] PTR unsigned char 
		 -> main@data(10), 
  size            1   26[COMRAM] char 
 Auto vars:     Size  Location     Type
  i               1   28[COMRAM] char 
 Return value:  Size  Location     Type
                  1    wreg      char 
 Registers used:
		wreg, fsr2l, fsr2h, status,2, status,0, prodl, prodh, cstack
 Tracked objects:
		On entry : 
		On exit  : 
		Unchanged: 
 Data sizes:     COMRAM   BANK0
      Params:         3       0
      Locals:         1       0
      Temps:          1       0
      Totals:         5       0
Total ram usage:        5 bytes
 Hardware stack levels used:    1
 Hardware stack levels required when called:    3
 This function calls:
		___wmul
		_serial_send_byte
 This function is called by:
		_main
 This function uses a non-reentrant model


 *************** function _serial_send_byte *****************
 Defined at:
		line 76 in file "serial_pic.c"
 Parameters:    Size  Location     Type
  byte            1    wreg     unsigned char 
 Auto vars:     Size  Location     Type
  byte            1   18[COMRAM] unsigned char 
 Return value:  Size  Location     Type
		None               void
 Registers used:
		wreg
 Tracked objects:
		On entry : 
		On exit  : 
		Unchanged: 
 Data sizes:     COMRAM   BANK0
      Params:         0       0
      Locals:         1       0
      Temps:          0       0
      Totals:         1       0
Total ram usage:        1 bytes
 Hardware stack levels used:    1
 Hardware stack levels required when called:    2
 This function calls:
		Nothing
 This function is called by:
		_main
		_serial_send_data
		_serial_send_buffer
 This function uses a non-reentrant model


 *************** function _serial_get_data *****************
 Defined at:
		line 60 in file "serial_pic.c"
 Parameters:    Size  Location     Type
  data            2   24[COMRAM] PTR unsigned char 
		 -> main@data(10), 
  size            1   26[COMRAM] char 
 Auto vars:     Size  Location     Type
  i               1   28[COMRAM] char 
 Return value:  Size  Location     Type
                  1    wreg      char 
 Registers used:
		wreg, fsr2l, fsr2h, status,2, status,0, prodl, prodh, cstack
 Tracked objects:
		On entry : 
		On exit  : 
		Unchanged: 
 Data sizes:     COMRAM   BANK0
      Params:         3       0
      Locals:         1       0
      Temps:          1       0
      Totals:         5       0
Total ram usage:        5 bytes
 Hardware stack levels used:    1
 Hardware stack levels required when called:    3
 This function calls:
		___wmul
		_serial_get_byte
 This function is called by:
		_main
 This function uses a non-reentrant model


 *************** function _serial_get_byte *****************
 Defined at:
		line 53 in file "serial_pic.c"
 Parameters:    Size  Location     Type
		None
 Auto vars:     Size  Location     Type
		None
 Return value:  Size  Location     Type
                  1    wreg      unsigned char 
 Registers used:
		wreg, status,2
 Tracked objects:
		On entry : 
		On exit  : 
		Unchanged: 
 Data sizes:     COMRAM   BANK0
      Params:         0       0
      Locals:         0       0
      Temps:          0       0
      Totals:         0       0
Total ram usage:        0 bytes
 Hardware stack levels used:    1
 Hardware stack levels required when called:    2
 This function calls:
		Nothing
 This function is called by:
		_serial_get_data
 This function uses a non-reentrant model


 *************** function ___wmul *****************
 Defined at:
		line 15 in file "C:\Program Files (x86)\Microchip\xc8\v1.34\sources\common\Umul16.c"
 Parameters:    Size  Location     Type
  multiplier      2   18[COMRAM] unsigned int 
  multiplicand    2   20[COMRAM] unsigned int 
 Auto vars:     Size  Location     Type
  product         2   22[COMRAM] unsigned int 
 Return value:  Size  Location     Type
                  2   18[COMRAM] unsigned int 
 Registers used:
		wreg, status,2, status,0, prodl, prodh
 Tracked objects:
		On entry : 
		On exit  : 
		Unchanged: 
 Data sizes:     COMRAM   BANK0
      Params:         4       0
      Locals:         2       0
      Temps:          0       0
      Totals:         6       0
Total ram usage:        6 bytes
 Hardware stack levels used:    1
 Hardware stack levels required when called:    2
 This function calls:
		Nothing
 This function is called by:
		_serial_get_data
		_serial_send_data
		_serial_send_buffer
		_spi_send_data
		_spi_master_get_data
		_spi_slave_get_data
 This function uses a non-reentrant model


 *************** function _isr *****************
 Defined at:
		line 82 in file "main.c"
 Parameters:    Size  Location     Type
		None
 Auto vars:     Size  Location     Type
  byte            1   17[COMRAM] unsigned char 
 Return value:  Size  Location     Type
		None               void
 Registers used:
		wreg, fsr2l, fsr2h, status,2, status,0, cstack
 Tracked objects:
		On entry : 
		On exit  : 
		Unchanged: 
 Data sizes:     COMRAM   BANK0
      Params:         0       0
      Locals:         1       0
      Temps:         14       0
      Totals:        15       0
Total ram usage:       15 bytes
 Hardware stack levels used:    1
 Hardware stack levels required when called:    1
 This function calls:
		_serial_peek_receive
		i2_serial_send_byte
 This function is called by:
		Interrupt level 2
 This function uses a non-reentrant model


 *************** function i2_serial_send_byte *****************
 Defined at:
		line 76 in file "serial_pic.c"
 Parameters:    Size  Location     Type
  byte            1    wreg     unsigned char 
 Auto vars:     Size  Location     Type
  byte            1    0[COMRAM] unsigned char 
 Return value:  Size  Location     Type
		None               void
 Registers used:
		wreg
 Tracked objects:
		On entry : 
		On exit  : 
		Unchanged: 
 Data sizes:     COMRAM   BANK0
      Params:         0       0
      Locals:         1       0
      Temps:          0       0
      Totals:         1       0
Total ram usage:        1 bytes
 Hardware stack levels used:    1
 This function calls:
		Nothing
 This function is called by:
		_isr
 This function uses a non-reentrant model


 *************** function _serial_peek_receive *****************
 Defined at:
		line 39 in file "serial_pic.c"
 Parameters:    Size  Location     Type
  get_byte        1    wreg     unsigned char 
  byte            2    0[COMRAM] PTR unsigned char 
		 -> isr@byte(1), 
 Auto vars:     Size  Location     Type
  get_byte        1    2[COMRAM] unsigned char 
 Return value:  Size  Location     Type
                  1    wreg      unsigned char 
 Registers used:
		wreg, fsr2l, fsr2h, status,2
 Tracked objects:
		On entry : 
		On exit  : 
		Unchanged: 
 Data sizes:     COMRAM   BANK0
      Params:         2       0
      Locals:         1       0
      Temps:          0       0
      Totals:         3       0
Total ram usage:        3 bytes
 Hardware stack levels used:    1
 This function calls:
		Nothing
 This function is called by:
		_isr
 This function uses a non-reentrant model



MODULE INFORMATION

Module		Function		Class		Link	Load	Size
shared
		i2_serial_send_		CODE           	0330	0000	15
		__initializatio		CODE           	0310	0000	13

shared estimated size: 28

main.c
		_main          		CODE           	0216	0000	95
		_isr           		CODE           	0008	0000	143

main.c estimated size: 238

C:\Program Files (x86)\Microchip\xc8\v1.34\sources\common\Umul16.c
		___wmul        		CODE           	02E8	0000	41

C:\Program Files (x86)\Microchip\xc8\v1.34\sources\common\Umul16.c estimated size: 41

serial_pic.c
		_serial_get_dat		CODE           	009A	0000	207
		_serial_get_byt		CODE           	033E	0000	13
		_setup_simple_s		CODE           	0274	0000	71
		_serial_peek_re		CODE           	02BA	0000	47
		_serial_send_da		CODE           	0168	0000	175
		_serial_send_by		CODE           	0322	0000	15

serial_pic.c estimated size: 528

