Microchip MPLAB XC8 Compiler V1.34 ()

Linker command line:

--edf=C:\Program Files (x86)\Microchip\xc8\v1.34\dat\en_msgs.txt -cs \
  -h+dist/default/debug\PICLibraries.X.debug.sym \
  --cmf=dist/default/debug\PICLibraries.X.debug.cmf -z -Q18F13K22 \
  -oC:\Users\Manuel\AppData\Local\Temp\s43k.6 \
  -Mdist/default/debug/PICLibraries.X.debug.map -E1 -ver=XC8 \
  -ASTACK=060h-0ffh -pstack=STACK -ACODE=00h-01DFFh -ACONST=00h-01DFFh \
  -ASMALLCONST=0100h-01FFhx29 -AMEDIUMCONST=0100h-01DFFh -ACOMRAM=01h-05Fh \
  -AABS1=00h-0FFh -ABIGRAM=01h-0FFh -ARAM=060h-0FFh -ABANK0=060h-0FFh \
  -ASFR=0F60h-0FFCh \
  -preset_vec=00h,intcode=08h,intcodelo,powerup,init,end_init \
  -pramtop=0100h -psmallconst=SMALLCONST -pmediumconst=MEDIUMCONST \
  -pconst=CONST -AFARRAM=00h-00h -ACONFIG=0300000h-030000Dh -pconfig=CONFIG \
  -AIDLOC=0200000h-0200007h -pidloc=IDLOC -AEEDATA=0F00000h-0F000FFh \
  -peeprom_data=EEDATA \
  -prdata=COMRAM,nvrram=COMRAM,nvbit=COMRAM,rbss=COMRAM,rbit=COMRAM \
  -pfarbss=FARRAM,fardata=FARRAM,nvFARRAM=FARRAM \
  -pintsave_regs=BIGRAM,bigbss=BIGRAM,bigdata=BIGRAM -pbss=RAM \
  -pidata=CODE,irdata=CODE,ibigdata=CODE,ifardata=CODE -prparam=COMRAM \
  C:\Users\Manuel\AppData\Local\Temp\s43k.obj \
  dist/default/debug\PICLibraries.X.debug.obj 

Object code version is 3.11

Machine type is 18F13K22

Call graph: (short form)




                Name                               Link     Load   Length Selector   Space Scale
C:\Users\Manuel\AppData\Local\Temp\s43k.obj
                end_init                             96       96        4        4       0
                reset_vec                             0        0        6        0       0
                idloc                            200000   200000        8   200000       0
                config                           300000   300000        E   300000       0
dist/default/debug\PICLibraries.X.debug.obj
                intcode                               8        8       8E        4       0
                text6                                E0       E0       2E        4       0
                text5                               158      158        E        4       0
                text3                               166      166        C        4       0
                text2                               14A      14A        E        4       0
                text1                                9A       9A       46        4       0
                cstackCOMRAM                          1        1       1A        1       1
                bssCOMRAM                            1B       1B        7        1       1
                cinit                               138      138       12        4       0
                text0                               10E      10E       2A        4       0

TOTAL           Name                               Link     Load   Length     Space
        CLASS   STACK          

        CLASS   CODE           
                end_init                             96       96        4         0
                intcode                               8        8       8E         0
                reset_vec                             0        0        6         0
                text6                                E0       E0       2E         0
                text5                               158      158        E         0
                text3                               166      166        C         0
                text2                               14A      14A        E         0
                text1                                9A       9A       46         0
                cinit                               138      138       12         0
                text0                               10E      10E       2A         0

        CLASS   CONST          

        CLASS   SMALLCONST     

        CLASS   MEDIUMCONST    

        CLASS   COMRAM         
                cstackCOMRAM                          1        1       1A         1
                bssCOMRAM                            1B       1B        7         1

        CLASS   ABS1           

        CLASS   BIGRAM         

        CLASS   RAM            

        CLASS   BANK0          

        CLASS   SFR            

        CLASS   FARRAM         

        CLASS   CONFIG         
                config                           300000   300000        E         0

        CLASS   IDLOC          
                idloc                            200000   200000        8         0

        CLASS   EEDATA         



SEGMENTS        Name                           Load    Length   Top    Selector   Space  Class

                reset_vec                      000000  000006  000006         0       0  CODE    
                cstackCOMRAM                   000001  000021  000022         1       1  COMRAM  
                intcode                        000008  00016A  000172         4       0  CODE    
                idloc                          200000  000008  200008    200000       0  IDLOC   
                config                         300000  00000E  30000E    300000       0  CONFIG  


UNUSED ADDRESS RANGES

        Name                Unused          Largest block    Delta
        BANK0            000060-0000FF               A0
        BIGRAM           000022-0000FF               DE
        CODE             000006-000007                2
                         000172-001DFF             1C8E
        COMRAM           000022-00005F               3E
        CONST            000006-000007                2
                         000172-001DFF             1C8E
        EEDATA           F00000-F000FF              100
        MEDIUMCONST      000172-001DFF             1C8E
        RAM              000060-0000FF               A0
        SFR              000F60-000FFC               9D
        SMALLCONST       000172-001DFF              100
        STACK            000060-0000FF               A0

                                  Symbol Table

_ANSELHbits                        (abs)        000F7F
_BAUDCON                           (abs)        000FB8
_INTCON                            (abs)        000FF2
_RCIE                              (abs)        007CED
_RCIF                              (abs)        007CF5
_RCREG                             (abs)        000FAE
_RCSTA                             (abs)        000FAB
_RCSTAbits                         (abs)        000FAB
_SPBRG                             (abs)        000FAF
_SPBRGH                            (abs)        000FB0
_SSPBUF                            (abs)        000FC9
_SSPCON1                           (abs)        000FC6
_SSPCON1bits                       (abs)        000FC6
_SSPIF                             (abs)        007CF3
_SSPSTAT                           (abs)        000FC7
_SSPSTATbits                       (abs)        000FC7
_TRISBbits                         (abs)        000F93
_TRISCbits                         (abs)        000F94
_TXIE                              (abs)        007CEC
_TXIF                              (abs)        007CF4
_TXREG                             (abs)        000FAD
_TXSTA                             (abs)        000FAC
__CFG_BBSIZ$OFF                    (abs)        000000
__CFG_BOREN$SBORDIS                (abs)        000000
__CFG_BORV$19                      (abs)        000000
__CFG_CP0$OFF                      (abs)        000000
__CFG_CP1$OFF                      (abs)        000000
__CFG_CPB$OFF                      (abs)        000000
__CFG_CPD$OFF                      (abs)        000000
__CFG_EBTR0$OFF                    (abs)        000000
__CFG_EBTR1$OFF                    (abs)        000000
__CFG_EBTRB$OFF                    (abs)        000000
__CFG_FCMEN$OFF                    (abs)        000000
__CFG_FOSC$HS                      (abs)        000000
__CFG_HFOFST$ON                    (abs)        000000
__CFG_IESO$OFF                     (abs)        000000
__CFG_LVP$OFF                      (abs)        000000
__CFG_MCLRE$ON                     (abs)        000000
__CFG_PCLKEN$ON                    (abs)        000000
__CFG_PLLEN$OFF                    (abs)        000000
__CFG_PWRTEN$OFF                   (abs)        000000
__CFG_STVREN$ON                    (abs)        000000
__CFG_WDTEN$OFF                    (abs)        000000
__CFG_WDTPS$32768                  (abs)        000000
__CFG_WRT0$OFF                     (abs)        000000
__CFG_WRT1$OFF                     (abs)        000000
__CFG_WRTB$OFF                     (abs)        000000
__CFG_WRTC$OFF                     (abs)        000000
__CFG_WRTD$OFF                     (abs)        000000
__CFG_XINST$OFF                    (abs)        000000
__HRAM                             (abs)        000000
__Habs1                            abs1         000000
__Hbank0                           bank0        000000
__Hbigbss                          bigbss       000000
__Hbigdata                         bigdata      000000
__Hbigram                          bigram       000000
__Hbss                             bss          000000
__HbssCOMRAM                       bssCOMRAM    000000
__Hcinit                           cinit        000000
__Hclrtext                         clrtext      000000
__Hcomram                          comram       000000
__Hconfig                          config       30000E
__Hconst                           const        000000
__HcstackCOMRAM                    cstackCOMRAM 000000
__Hdata                            data         000000
__Heeprom_data                     eeprom_data  000000
__Hend_init                        end_init     00009A
__Hfarbss                          farbss       000000
__Hfardata                         fardata      000000
__Hibigdata                        ibigdata     000000
__Hidata                           idata        000000
__Hidloc                           idloc        200008
__Hifardata                        ifardata     000000
__Hinit                            init         000096
__Hintcode                         intcode      000096
__Hintcode_body                    intcode_body 000000
__Hintcodelo                       intcodelo    000096
__Hintentry                        intentry     000000
__Hintret                          intret       000000
__Hintsave_regs                    intsave_regs 000000
__Hirdata                          irdata       000000
__Hmediumconst                     mediumconst  000000
__HnvFARRAM                        nvFARRAM     000000
__Hnvbit                           nvbit        000000
__Hnvrram                          nvrram       000000
__Hparam                           rparam       000000
__Hpowerup                         powerup      000096
__Hram                             ram          000000
__Hramtop                          ramtop       000100
__Hrbit                            rbit         000000
__Hrbss                            rbss         000000
__Hrdata                           rdata        000000
__Hreset_vec                       reset_vec    000006
__Hrparam                          rparam       000000
__Hsfr                             sfr          000000
__Hsmallconst                      smallconst   000000
__Hspace_0                         (abs)        30000E
__Hspace_1                         (abs)        000022
__Hspace_2                         (abs)        000000
__Hstack                           stack        000000
__Hstruct                          struct       000000
__Htemp                            temp         000000
__Htext                            text         000000
__Htext0                           text0        000000
__Htext1                           text1        000000
__Htext2                           text2        000000
__Htext3                           text3        000000
__Htext5                           text5        000000
__Htext6                           text6        000000
__LRAM                             (abs)        000001
__Labs1                            abs1         000000
__Lbank0                           bank0        000000
__Lbigbss                          bigbss       000000
__Lbigdata                         bigdata      000000
__Lbigram                          bigram       000000
__Lbss                             bss          000000
__LbssCOMRAM                       bssCOMRAM    000000
__Lcinit                           cinit        000000
__Lclrtext                         clrtext      000000
__Lcomram                          comram       000000
__Lconfig                          config       300000
__Lconst                           const        000000
__LcstackCOMRAM                    cstackCOMRAM 000000
__Ldata                            data         000000
__Leeprom_data                     eeprom_data  000000
__Lend_init                        end_init     000096
__Lfarbss                          farbss       000000
__Lfardata                         fardata      000000
__Libigdata                        ibigdata     000000
__Lidata                           idata        000000
__Lidloc                           idloc        200000
__Lifardata                        ifardata     000000
__Linit                            init         000096
__Lintcode                         intcode      000008
__Lintcode_body                    intcode_body 000000
__Lintcodelo                       intcodelo    000096
__Lintentry                        intentry     000000
__Lintret                          intret       000000
__Lintsave_regs                    intsave_regs 000000
__Lirdata                          irdata       000000
__Lmediumconst                     mediumconst  000000
__LnvFARRAM                        nvFARRAM     000000
__Lnvbit                           nvbit        000000
__Lnvrram                          nvrram       000000
__Lparam                           rparam       000000
__Lpowerup                         powerup      000096
__Lram                             ram          000000
__Lramtop                          ramtop       000100
__Lrbit                            rbit         000000
__Lrbss                            rbss         000000
__Lrdata                           rdata        000000
__Lreset_vec                       reset_vec    000000
__Lrparam                          rparam       000000
__Lsfr                             sfr          000000
__Lsmallconst                      smallconst   000000
__Lspace_0                         (abs)        000000
__Lspace_1                         (abs)        000000
__Lspace_2                         (abs)        000000
__Lstack                           stack        000000
__Lstruct                          struct       000000
__Ltemp                            temp         000000
__Ltext                            text         000000
__Ltext0                           text0        000000
__Ltext1                           text1        000000
__Ltext2                           text2        000000
__Ltext3                           text3        000000
__Ltext5                           text5        000000
__Ltext6                           text6        000000
__S0                               (abs)        30000E
__S1                               (abs)        000022
__S2                               (abs)        000000
___inthi_sp                        stack        000000
___intlo_sp                        stack        000000
___param_bank                      (abs)        000010
___rparam_used                     (abs)        000001
___sp                              stack        000000
__accesstop                        (abs)        000060
__activetblptr                     (abs)        000000
__end_of__initialization           cinit        000144
__end_of_isr                       intcode      000096
__end_of_main                      text0        000138
__end_of_serial_get_byte           text3        000172
__end_of_serial_peek_receive       text6        00010E
__end_of_serial_send_byte          text2        000158
__end_of_setup_simple_serial       text1        0000E0
__end_ofi2_serial_send_byte        text5        000166
__initialization                   cinit        000138
__mediumconst                      mediumconst  000000
__pbssCOMRAM                       bssCOMRAM    00001B
__pcinit                           cinit        000138
__pcstackCOMRAM                    cstackCOMRAM 000001
__pintcode                         intcode      000008
__ptext0                           text0        00010E
__ptext1                           text1        00009A
__ptext2                           text2        00014A
__ptext3                           text3        000166
__ptext5                           text5        000158
__ptext6                           text6        0000E0
__ramtop                           ramtop       000100
__size_of_isr                      (abs)        000000
__size_of_main                     (abs)        000000
__size_of_serial_get_byte          (abs)        000000
__size_of_serial_peek_receive      (abs)        000000
__size_of_serial_send_byte         (abs)        000000
__size_of_setup_simple_serial      (abs)        000000
__size_ofi2_serial_send_byte       (abs)        000000
__smallconst                       smallconst   000000
_dummy_byte                        bssCOMRAM    000021
_interrupt_data                    bssCOMRAM    00001B
_isr                               intcode      000008
_main                              text0        00010E
_serial_get_byte                   text3        000166
_serial_peek_receive               text6        0000E0
_serial_send_byte                  text2        00014A
_setup_simple_serial               text1        00009A
_setup_simple_serial$492           cstackCOMRAM 000015
_setup_simple_serial$493           cstackCOMRAM 000017
end_of_initialization              cinit        000144
i2_serial_send_byte                text5        000158
i2serial_send_byte@byte            cstackCOMRAM 000001
intlevel0                          text         000000
intlevel1                          text         000000
intlevel2                          text         000000
intlevel3                          text         000000
isr@byte                           cstackCOMRAM 000012
main@byte                          cstackCOMRAM 00001A
serial_peek_receive@byte           cstackCOMRAM 000001
serial_peek_receive@get_byte       cstackCOMRAM 000003
serial_send_byte@byte              cstackCOMRAM 000013
setup_simple_serial@baudrate_bits  cstackCOMRAM 000019
setup_simple_serial@baudrate_value cstackCOMRAM 000013
stackhi                            (abs)        0000FF
stacklo                            (abs)        000060
start                              init         000096
start_initialization               cinit        000138


FUNCTION INFORMATION:

 *************** function _main *****************
 Defined at:
		line 66 in file "main.c"
 Parameters:    Size  Location     Type
		None
 Auto vars:     Size  Location     Type
  byte            1   25[COMRAM] unsigned char 
  i               1    0        char 
 Return value:  Size  Location     Type
                  2   19[None  ] int 
 Registers used:
		wreg, status,2, cstack
 Tracked objects:
		On entry : 
		On exit  : 
		Unchanged: 
 Data sizes:     COMRAM   BANK0
      Params:         0       0
      Locals:         1       0
      Temps:          0       0
      Totals:         1       0
Total ram usage:        1 bytes
 Hardware stack levels required when called:    3
 This function calls:
		_serial_get_byte
		_serial_send_byte
		_setup_simple_serial
 This function is called by:
		Startup code after reset
 This function uses a non-reentrant model


 *************** function _setup_simple_serial *****************
 Defined at:
		line 28 in file "serial_pic.c"
 Parameters:    Size  Location     Type
  baudrate_bit    1    wreg     unsigned char 
  baudrate_val    2   18[COMRAM] unsigned int 
 Auto vars:     Size  Location     Type
  baudrate_bit    1   24[COMRAM] unsigned char 
 Return value:  Size  Location     Type
		None               void
 Registers used:
		wreg, status,2
 Tracked objects:
		On entry : 
		On exit  : 
		Unchanged: 
 Data sizes:     COMRAM   BANK0
      Params:         2       0
      Locals:         5       0
      Temps:          0       0
      Totals:         7       0
Total ram usage:        7 bytes
 Hardware stack levels used:    1
 Hardware stack levels required when called:    2
 This function calls:
		Nothing
 This function is called by:
		_main
 This function uses a non-reentrant model


 *************** function _serial_send_byte *****************
 Defined at:
		line 76 in file "serial_pic.c"
 Parameters:    Size  Location     Type
  byte            1    wreg     unsigned char 
 Auto vars:     Size  Location     Type
  byte            1   18[COMRAM] unsigned char 
 Return value:  Size  Location     Type
		None               void
 Registers used:
		wreg
 Tracked objects:
		On entry : 
		On exit  : 
		Unchanged: 
 Data sizes:     COMRAM   BANK0
      Params:         0       0
      Locals:         1       0
      Temps:          0       0
      Totals:         1       0
Total ram usage:        1 bytes
 Hardware stack levels used:    1
 Hardware stack levels required when called:    2
 This function calls:
		Nothing
 This function is called by:
		_main
		_serial_send_data
		_serial_send_buffer
 This function uses a non-reentrant model


 *************** function _serial_get_byte *****************
 Defined at:
		line 53 in file "serial_pic.c"
 Parameters:    Size  Location     Type
		None
 Auto vars:     Size  Location     Type
		None
 Return value:  Size  Location     Type
                  1    wreg      unsigned char 
 Registers used:
		wreg, status,2
 Tracked objects:
		On entry : 
		On exit  : 
		Unchanged: 
 Data sizes:     COMRAM   BANK0
      Params:         0       0
      Locals:         0       0
      Temps:          0       0
      Totals:         0       0
Total ram usage:        0 bytes
 Hardware stack levels used:    1
 Hardware stack levels required when called:    2
 This function calls:
		Nothing
 This function is called by:
		_main
		_serial_get_data
 This function uses a non-reentrant model


 *************** function _isr *****************
 Defined at:
		line 85 in file "main.c"
 Parameters:    Size  Location     Type
		None
 Auto vars:     Size  Location     Type
  byte            1   17[COMRAM] unsigned char 
 Return value:  Size  Location     Type
		None               void
 Registers used:
		wreg, fsr2l, fsr2h, status,2, status,0, cstack
 Tracked objects:
		On entry : 
		On exit  : 
		Unchanged: 
 Data sizes:     COMRAM   BANK0
      Params:         0       0
      Locals:         1       0
      Temps:         14       0
      Totals:        15       0
Total ram usage:       15 bytes
 Hardware stack levels used:    1
 Hardware stack levels required when called:    1
 This function calls:
		_serial_peek_receive
		i2_serial_send_byte
 This function is called by:
		Interrupt level 2
 This function uses a non-reentrant model


 *************** function i2_serial_send_byte *****************
 Defined at:
		line 76 in file "serial_pic.c"
 Parameters:    Size  Location     Type
  byte            1    wreg     unsigned char 
 Auto vars:     Size  Location     Type
  byte            1    0[COMRAM] unsigned char 
 Return value:  Size  Location     Type
		None               void
 Registers used:
		wreg
 Tracked objects:
		On entry : 
		On exit  : 
		Unchanged: 
 Data sizes:     COMRAM   BANK0
      Params:         0       0
      Locals:         1       0
      Temps:          0       0
      Totals:         1       0
Total ram usage:        1 bytes
 Hardware stack levels used:    1
 This function calls:
		Nothing
 This function is called by:
		_isr
 This function uses a non-reentrant model


 *************** function _serial_peek_receive *****************
 Defined at:
		line 39 in file "serial_pic.c"
 Parameters:    Size  Location     Type
  get_byte        1    wreg     unsigned char 
  byte            2    0[COMRAM] PTR unsigned char 
		 -> isr@byte(1), 
 Auto vars:     Size  Location     Type
  get_byte        1    2[COMRAM] unsigned char 
 Return value:  Size  Location     Type
                  1    wreg      unsigned char 
 Registers used:
		wreg, fsr2l, fsr2h, status,2
 Tracked objects:
		On entry : 
		On exit  : 
		Unchanged: 
 Data sizes:     COMRAM   BANK0
      Params:         2       0
      Locals:         1       0
      Temps:          0       0
      Totals:         3       0
Total ram usage:        3 bytes
 Hardware stack levels used:    1
 This function calls:
		Nothing
 This function is called by:
		_isr
 This function uses a non-reentrant model



MODULE INFORMATION

Module		Function		Class		Link	Load	Size
shared
		i2_serial_send_		CODE           	0158	0000	15
		__initializatio		CODE           	0138	0000	13

shared estimated size: 28

main.c
		_main          		CODE           	010E	0000	43
		_isr           		CODE           	0008	0000	143

main.c estimated size: 186

serial_pic.c
		_serial_get_byt		CODE           	0166	0000	13
		_setup_simple_s		CODE           	009A	0000	71
		_serial_peek_re		CODE           	00E0	0000	47
		_serial_send_by		CODE           	014A	0000	15

serial_pic.c estimated size: 146

